564897
/home/codrincrismariu/Documents/Physics-Based-Walker/.venv/lib/python3.13/site-packages/mjlab/sensor/sensor_context.py:77: UserWarning: Camera enabled_geom_groups [0, 1, 2] and raycast include_geom_groups [0] differ. Using union [0, 1, 2].
  self._create_context(mj_model)
/home/codrincrismariu/Documents/Physics-Based-Walker/.venv/lib/python3.13/site-packages/mjlab/sensor/sensor_context.py:108: UserWarning: Camera enabled_geom_groups [0, 1, 2] and raycast include_geom_groups [0] differ. Using union [0, 1, 2].
  self._create_context(mj_model)
Warp CUDA error 2: out of memory (in function wp_alloc_device_async, /builds/omniverse/warp/warp/native/warp.cu:769)
[INFO] Training with: device=cuda:0, seed=42, rank=0
[INFO] Logging experiment in directory: logs/rsl_rl/g1_hlip_clf_distillation_mdn/2026-05-05_14-35-49
Setting seed: 42
Warp 1.13.0.dev20260303 initialized:
   Git commit: 1aee8037428862945582a98829e297e671d4e636
   CUDA Toolkit 12.9, Driver 13.1
   Devices:
     "cpu"      : "x86_64"
     "cuda:0"   : "NVIDIA GeForce RTX 5090" (31 GiB, sm_120, mempool enabled)
   Kernel cache:
     /home/codrincrismariu/.cache/warp/1.13.0.dev20260303
Terrain generation took 0.0454 seconds.
Warp DeprecationWarning: The symbol `warp.context.runtime` will soon be removed from the public API. It can still be accessed from `warp._src.context.runtime` but might be changed or removed without notice.
Module mujoco_warp._src.smooth 75c1b76 load on device 'cuda:0' took 2.21 ms  (cached)
Module mujoco_warp._src.collision_driver 4d8b905 load on device 'cuda:0' took 0.29 ms  (cached)
Module _nxn_broadphase__locals__kernel_e916423b e916423 load on device 'cuda:0' took 0.39 ms  (cached)
Module _primitive_narrowphase__locals__primitive_narrowphase_671a2347 671a234 load on device 'cuda:0' took 0.74 ms  (cached)
Module mujoco_warp._src.constraint e4fb920 load on device 'cuda:0' took 2.67 ms  (cached)
Module _actuator_velocity__locals__actuator_velocity_912d2485 3577bae load on device 'cuda:0' took 1.29 ms  (cached)
Module mujoco_warp._src.passive 7fb8524 load on device 'cuda:0' took 2.44 ms  (cached)
Module mujoco_warp._src.sensor 912ac95 load on device 'cuda:0' took 1.64 ms  (cached)
Module mujoco_warp._src.forward 7fec2c4 load on device 'cuda:0' took 0.84 ms  (cached)
Module mujoco_warp._src.support 343d1ae load on device 'cuda:0' took 0.28 ms  (cached)
Module mujoco_warp._src.solver 4a4fc90 load on device 'cuda:0' took 2.14 ms  (cached)
Module solve_init_jaref__locals__kernel_19b3f907 19b3f90 load on device 'cuda:0' took 0.27 ms  (cached)
Module mul_m_sparse__locals___mul_m_sparse_3795f265 3795f26 load on device 'cuda:0' took 0.29 ms  (cached)
Module update_constraint_efc__locals__kernel_84abb40b 84abb40 load on device 'cuda:0' took 0.28 ms  (cached)
Module update_constraint_gauss_cost__locals__kernel_6726cad8 6726cad load on device 'cuda:0' took 0.27 ms  (cached)
Module update_gradient_JTDAJ_sparse_tiled__locals__kernel_60fabea8 51832c2 load on device 'cuda:0' took 0.46 ms  (cached)
Module update_gradient_cholesky_blocked__locals__kernel_bb004999 fbd28cb load on device 'cuda:0' took 98.63 ms  (cached)
Module linesearch_jv_fused__locals__kernel_63a6a52a 63a6a52 load on device 'cuda:0' took 0.51 ms  (cached)
Module linesearch_prepare_gauss__locals__kernel_00cb1ae5 00cb1ae load on device 'cuda:0' took 0.44 ms  (cached)
Module update_constraint_efc__locals__kernel_19805a28 19805a2 load on device 'cuda:0' took 0.82 ms  (cached)
Module _contact_sort__locals__contact_sort_c2bd81ce 47863e6 load on device 'cuda:0' took 0.54 ms  (cached)
Module mujoco_warp._src.derivative f391b97 load on device 'cuda:0' took 1.71 ms  (cached)
Module reset_data__locals__reset_xfrc_applied_f86f0829 f86f082 load on device 'cuda:0' took 2.25 ms  (cached)
Module reset_data__locals__reset_qM_1511185b 1511185 load on device 'cuda:0' took 0.24 ms  (cached)
Module reset_data__locals__reset_mocap_841cb68f 841cb68 load on device 'cuda:0' took 0.35 ms  (cached)
Module reset_data__locals__reset_contact_76c1c25e 76c1c25 load on device 'cuda:0' took 0.27 ms  (cached)
Module reset_data__locals__reset_nworld_d108b6ac d108b6a load on device 'cuda:0' took 3.26 ms  (cached)
Module mujoco_warp._src.render_util 9cda0d9 load on device 'cuda:0' took 0.59 ms  (cached)
Module mujoco_warp._src.io a7593be load on device 'cuda:0' took 1.25 ms  (cached)
Module mujoco_warp._src.bvh bd340bf load on device 'cuda:0' took 1.98 ms  (cached)
Module render__locals___render_megakernel_4169519a 4169519 load on device 'cuda:0' took 1.13 ms  (cached)
Module mjlab.sensor.sensor_context 8a18bdb load on device 'cuda:0' took 2.14 ms  (cached)
Module mujoco_warp._src.ray edca8cc load on device 'cuda:0' took 2.22 ms  (cached)

+---------------------------------+
|         Base Environment        |
+------------------------+--------+
| Property               | Value  |
+------------------------+--------+
| Number of environments | 1024   |
| Environment device     | cuda:0 |
| Environment seed       | 42     |
| Physics step-size      | 0.005  |
| Environment step-size  | 0.02   |
+------------------------+--------+

[INFO] <EventManager> contains 3 active terms.
+-------------------------------------+
| Active Event Terms in Mode: 'reset' |
+--------+----------------------------+
| Index  | Name                       |
+--------+----------------------------+
|   0    | reset_base                 |
|   1    | reset_robot_joints         |
|   2    | head_camera_pos_dr         |
|   3    | head_camera_quat_dr        |
+--------+----------------------------+
+----------------------------------------------+
|    Active Event Terms in Mode: 'interval'    |
+-------+------------+-------------------------+
| Index | Name       | Interval time range (s) |
+-------+------------+-------------------------+
|   0   | push_robot |       (10.0, 15.0)      |
+-------+------------+-------------------------+
+---------------------------------------+
| Active Event Terms in Mode: 'startup' |
+-----------+---------------------------+
|   Index   | Name                      |
+-----------+---------------------------+
|     0     | body_friction             |
|     1     | encoder_bias              |
|     2     | base_com                  |
+-----------+---------------------------+
+-----------------------------+
| Domain Randomization Fields |
+-------+---------------------+
| Index | Field Name          |
+-------+---------------------+
|   0   | geom_friction       |
|   1   | body_ipos           |
|   2   | body_subtreemass    |
|   3   | dof_invweight0      |
|   4   | body_invweight0     |
|   5   | tendon_length0      |
|   6   | tendon_invweight0   |
|   7   | cam_pos             |
|   8   | cam_quat            |
+-------+---------------------+

Module repeat_array_kernel_39317a34 b712927 load on device 'cuda:0' took 1.29 ms  (cached)
Module repeat_array_kernel_39317a34 b699bd8 load on device 'cuda:0' took 2.04 ms  (cached)
Module repeat_array_kernel_39317a34 363ede1 load on device 'cuda:0' took 1.96 ms  (cached)
Module repeat_array_kernel_39317a34 0fe3117 load on device 'cuda:0' took 1.82 ms  (cached)
[INFO] <CommandManager> contains 1 active terms.
+--------------------------------+
|      Active Command Terms      |
+-------+------+-----------------+
| Index | Name |       Type      |
+-------+------+-----------------+
|   0   | hlip | HLIPCommandTerm |
+-------+------+-----------------+

[INFO] <ActionManager> contains 2 active terms.
+-----------------------------------+
|  Active Action Terms (shape: 29)  |
+-------+---------------+-----------+
| Index | Name          | Dimension |
+-------+---------------+-----------+
|   0   | joint_pos     |        29 |
|   1   | upright_waist |         0 |
+-------+---------------+-----------+

[INFO] <ObservationManager> contains 3 groups.
+------------------------------------------------------------------+
| Active Observation Terms in Group: 'student_vec' (shape: (480,)) |
+---------+---------------------------+----------------------------+
|  Index  | Name                      |           Shape            |
+---------+---------------------------+----------------------------+
|    0    | base_ang_vel              |      (15,)  ← 5×(3,)       |
|    1    | projected_gravity         |      (15,)  ← 5×(3,)       |
|    2    | velocity_commands         |      (15,)  ← 5×(3,)       |
|    3    | joint_pos                 |     (145,)  ← 5×(29,)      |
|    4    | joint_vel                 |     (145,)  ← 5×(29,)      |
|    5    | actions                   |     (145,)  ← 5×(29,)      |
+---------+---------------------------+----------------------------+
+-----------------------------------------------------------------------------+
| Active Observation Terms in Group: 'head_camera_depth' (shape: (1, 24, 32)) |
+------------------+------------------+---------------------------------------+
|      Index       | Name             |                 Shape                 |
+------------------+------------------+---------------------------------------+
|        0         | depth            |              (1, 24, 32)              |
+------------------+------------------+---------------------------------------+
+--------------------------------------------------------------+
| Active Observation Terms in Group: 'teacher' (shape: (213,)) |
+---------+--------------------------+-------------------------+
|  Index  | Name                     |          Shape          |
+---------+--------------------------+-------------------------+
|    0    | base_ang_vel             |      (3,)  ← 1×(3,)     |
|    1    | projected_gravity        |      (3,)  ← 1×(3,)     |
|    2    | joint_pos                |     (29,)  ← 1×(29,)    |
|    3    | joint_vel                |     (29,)  ← 1×(29,)    |
|    4    | actions                  |     (29,)  ← 1×(29,)    |
|    5    | sin_phase                |      (1,)  ← 1×(1,)     |
|    6    | cos_phase                |      (1,)  ← 1×(1,)     |
|    7    | contact_state            |      (2,)  ← 1×(2,)     |
|    8    | ref_traj                 |     (29,)  ← 1×(29,)    |
|    9    | act_traj                 |     (29,)  ← 1×(29,)    |
|    10   | ref_traj_vel             |     (29,)  ← 1×(29,)    |
|    11   | act_traj_vel             |     (29,)  ← 1×(29,)    |
+---------+--------------------------+-------------------------+
Warp CUDA error 2: out of memory (in function wp_cuda_graph_create_exec, /builds/omniverse/warp/warp/native/warp.cu:2913)

[INFO] <TerminationManager> contains 5 active terms.
+----------------------------------------+
|        Active Termination Terms        |
+-------+---------------------+----------+
| Index | Name                | Time Out |
+-------+---------------------+----------+
|   0   | time_out            |   True   |
|   1   | fell_over           |  False   |
|   2   | pelvis_too_low      |  False   |
|   3   | foot_height_too_low |  False   |
|   4   | mpc_fallback_used   |  False   |
+-------+---------------------+----------+

[INFO] <RewardManager> contains 8 active terms.
+-------------------------------------------+
|            Active Reward Terms            |
+-------+--------------------------+--------+
| Index | Name                     | Weight |
+-------+--------------------------+--------+
|   0   | clf_reward               |   10.0 |
|   1   | clf_decreasing_condition |   -1.0 |
|   2   | holonomic_constraint     |    4.0 |
|   3   | holonomic_constraint_vel |    2.0 |
|   4   | joint_torques_l2         | -1e-05 |
|   5   | joint_pos_limits         |   -1.0 |
|   6   | action_rate_l2           |  -0.01 |
|   7   | self_collisions          |   -1.0 |
+-------+--------------------------+--------+

[INFO] <NullCurriculumManager> (inactive)
[INFO] <NullMetricsManager> (inactive)
[INFO] Enabling resume for distillation to load teacher checkpoint.
Traceback (most recent call last):
  File "/home/codrincrismariu/Documents/Physics-Based-Walker/.venv/bin/custom_train", line 10, in <module>
    sys.exit(main())
             ~~~~^^
  File "/home/codrincrismariu/Documents/Physics-Based-Walker/src/hlip_clf_g1/custom_train.py", line 38, in main
    entry()
    ~~~~~^^
  File "/home/codrincrismariu/Documents/Physics-Based-Walker/scripts/custom_train.py", line 440, in main
    launch_training(task_id=chosen_task, args=args)
    ~~~~~~~~~~~~~~~^^^^^^^^^^^^^^^^^^^^^^^^^^^^^^^^
  File "/home/codrincrismariu/Documents/Physics-Based-Walker/scripts/custom_train.py", line 391, in launch_training
    run_train(task_id, args, log_dir)
    ~~~~~~~~~^^^^^^^^^^^^^^^^^^^^^^^^
  File "/home/codrincrismariu/Documents/Physics-Based-Walker/scripts/custom_train.py", line 289, in run_train
    env = RslRlVecEnvWrapper(env, clip_actions=cfg.agent.clip_actions)
  File "/home/codrincrismariu/Documents/Physics-Based-Walker/.venv/lib/python3.13/site-packages/mjlab/rl/vecenv_wrapper.py", line 25, in __init__
    self.env.reset()
    ~~~~~~~~~~~~~~^^
  File "/home/codrincrismariu/Documents/Physics-Based-Walker/.venv/lib/python3.13/site-packages/mjlab/envs/manager_based_rl_env.py", line 333, in reset
    self.sim.forward()
    ~~~~~~~~~~~~~~~~^^
  File "/home/codrincrismariu/Documents/Physics-Based-Walker/.venv/lib/python3.13/site-packages/mjlab/sim/sim.py", line 302, in forward
    wp.capture_launch(self.forward_graph)
    ~~~~~~~~~~~~~~~~~^^^^^^^^^^^^^^^^^^^^
  File "/home/codrincrismariu/Documents/Physics-Based-Walker/.venv/lib/python3.13/site-packages/warp/_src/context.py", line 8687, in capture_launch
    raise RuntimeError(f"Graph creation error: {runtime.get_error_string()}")
RuntimeError: Graph creation error: Warp CUDA error 2: out of memory (in function wp_cuda_graph_create_exec, /builds/omniverse/warp/warp/native/warp.cu:2913)
